
Memory Configuration

Name             Origin             Length             Attributes
*default*        0x00000000         0xffffffff

Linker script and memory map

LOAD obj/Interrupts.o
LOAD obj/start.o
LOAD obj/main.o
                0x00100000                . = 0x100000

.text           0x00100000    0x129c4
                0x00100000                _KERNEL_START = .
 *(.text)
 .text          0x00100000      0x4f4 obj/Interrupts.o
                0x001003f0                _INTERRUPT_TAB@0
 .text          0x001004f4       0x20 obj/start.o
                0x00100510                system_halt
                0x001004f8                Mboot
 .text          0x00100514    0x124b0 obj/main.o
                0x0010ab34                __ZN6GIMAGE12WIDTH__set__Em@8
                0x00106094                _HD_INIT@0
                0x001089f4                _FAT_WRITEFILE@16
                0x00105f74                __ZN9VFS_ENTRY10CREATE_DIREPh@8
                0x00107de4                __ZN16FAT_FS_RESSOURCE4FINDEPhhP9FAT_ENTRY@16
                0x0010f924                __ZN10MESSAGEBOXC1Ev
                0x001064a4                _HD_WAIT@4
                0x00101784                _GET_RTC_UPDATE_IN_PROGRESS_FLAG@0
                0x0010e3a4                _TWINDOWDESTROY@4
                0x00103fe4                __ZN7TSTRING11LASTINDEXOFEPh@8
                0x0010a634                _LOADFONT@4
                0x00105ed4                __ZN9VFS_ENTRY10WRITE_FILEEPhmS0_@16
                0x00110284                _XAPPKEYPRESS@8
                0x001016f4                _PIC_INIT@0
                0x001086b4                __ZN16FAT_FS_RESSOURCE12FREE_CLUSTEREm@8
                0x00108fb4                _FAT_LOADFILE@12
                0x0010e5f4                _TWINDOWHANDLEMOUSE@16
                0x00103ce4                _TSTRINGDESTROY@4
                0x0010fea4                __ZN8TCONSOLED1Ev
                0x001104a4                _SYSCALLHANDLER@4
                0x00110084                __ZN8TCONSOLE7NEWLINEEv@4
                0x00103d04                __ZN7TSTRING6CREATEEv@0
                0x00102ab4                _STRLASTINDEXOF@8
                0x0010acb4                __ZN6GIMAGE5CLEAREm@8
                0x001100f4                __ZN8TCONSOLE6SCROLLEv@4
                0x0010eb84                _TEXTBLOCK_REDRAW@4
                0x0010c4a4                __ZN7GDIBASED1Ev
                0x00102824                _STRTRIM@4
                0x0010a264                __ZN15THREADSCHEDULER13RESETPRIORITYEP6THREAD@8
                0x00104fc4                _IRQ_ENABLE@4
                0x0010ca04                __ZN7GDIBASE12BRINGTOFRONTEv@4
                0x0010e9d4                __ZN7TEXTBOXD1Ev
                0x00104014                __ZN7TSTRING12CONTAINSCHAREh@8
                0x001048d4                _KALLOC@4
                0x0010edf4                __ZN7TEXTBOX11TEXT__set__EP7TSTRING@8
                0x00102fc4                _STRCAT@8
                0x0010eb14                __ZN7TEXTBOX16TEXTALIGN__set__Em@8
                0x0010b4a4                __ZN6GIMAGE11PUTOTHERRAWEPmllll@24
                0x00102634                _CONSOLECLEAR@0
                0x00108744                __ZN16FAT_FS_RESSOURCE13ALLOC_CLUSTEREm@8
                0x00104f94                _IRQ_WAIT@4
                0x001010e4                _VMM_KERNEL_AUTOMAP@12
                0x00109704                __ZN7PROCESSD1Ev
                0x0010f354                __ZN7TBUTTON11TEXT__set__EPh@8
                0x00103bd4                _DESTROYOBJ@4
                0x001099e4                _KERNEL_IDLE@4
                0x00105774                _VFS_GET_FILE_SYSTEM_BY_NAME@4
                0x00109994                __ZN6THREAD11INITMANAGEREv@0
                0x0010d2a4                __ZN7GDIBASE9FOCUSNEXTEv@4
                0x001027e4                _STRLEN@4
                0x0010d534                _SCREENLOOP@0
                0x001095f4                _FATFS_READSECTORS@16
                0x00111c64                __ZN10FILEHANDLE5FLUSHEv@4
                0x00103e94                __ZN7TSTRING10APPENDTEXTEPh@8
                0x0010b094                __ZN6GIMAGE13DRAWRECTANGLEEllllm@24
                0x00107184                _MOUSE_SET_DATA@0
                0x001040f4                __ZN7TSTRING6ASUINTEv@4
                0x00111b14                __ZN10FILEHANDLE12CREATEBUFFEREm@8
                0x00103f34                __ZN7TSTRING7TOUPPEREv@4
                0x001081d4                __ZN16FAT_FS_RESSOURCE10WRITE_ROOTEP9FAT_ENTRY@8
                0x0010a864                __ZN6GIMAGE11LOADFROMRAWEPhmm@12
                0x0010e564                __ZN7TWINDOW12TITLE__set__EPh@8
                0x001099c4                __ZN6THREAD5READYEv@0
                0x001051e4                __ZN8IODEVICEC1Ev
                0x0010dbf4                __ZN4SKIN6CREATEEPhmllll@24
                0x001084d4                __ZN16FAT_FS_RESSOURCE11SET_CLUSTEREmm@12
                0x0010cda4                __ZN7GDIBASE6REDRAWEv@4
                0x0010fcc4                _MESSAGEBOX_REDRAW@4
                0x00102b84                _STRNCMP@12
                0x0010b674                __ZN6GIMAGE8PUTOTHEREPS_lll@20
                0x0010f3e4                _TBUTTON_HANDLEMOUSE@16
                0x0010fa14                __ZN10MESSAGEBOX4SHOWEPhS0_12DIALOGBUTTONPv@16
                0x00103f54                __ZN7TSTRING6SUBSTREml@12
                0x001035f4                _MEMSET@12
                0x00105db4                __ZN9VFS_ENTRY9LOAD_FILEEPhPm@12
                0x00105954                _VFS_DELETE_FILE@4
                0x00103da4                __ZN7TSTRING12RESIZEBUFFEREm@8
                0x0010e834                _TWINDOWMOUSEEXIT@4
                0x001069c4                _LOADKEYS@0
                0x00100cf4                _GDT_CREATE_SEG@16
                0x00104244                _PMM_STRIPE@8
                0x00111a14                __ZN10FILEHANDLEC1Ev
                0x0010b2f4                __ZN6GIMAGE13FILLRECTANGLEEllllm@24
                0x00100b54                _GDT_DELETE@4
                0x001026d4                _SQRT@8
                0x00104294                _PMM_ALLOCPAGE@4
                0x001024c4                _CONSOLEWRITESIGNED@4
                0x00102794                _FSIN@8
                0x00111884                __ZN9SEMAPHORED1Ev
                0x001050a4                _IRQ_ATTACH_HANDLER@8
                0x00100604                _ENTERGRAPHICMODE@4
                0x00103784                _ATOF@4
                0x00104134                _PMM_GET_FREEPAGES_COUNT@0
                0x00109834                __ZN7PROCESS4SBRKEm@8
                0x0010cca4                __ZN7GDIBASE14REDRAWCHILDRENEv@4
                0x00100914                _DOREALMODEACTIONREG@32
                0x00109b24                __ZN6THREAD9CREATESYSEPFvPvEm@8
                0x0010db04                __ZN4SKINC1Ev
                0x00111ab4                __ZN10FILEHANDLE12DELETEBUFFEREv@4
                0x0010e4c4                _TWINDOWREDRAW@4
                0x00108254                __ZN16FAT_FS_RESSOURCE4READEmPh@12
                0x00100e24                __ZN10VMMCONTEXT10INITIALIZEEv@4
                0x00109674                __ZN7PROCESSC1Ev
                0x001029d4                _STRINDEXOF@8
                0x0010a364                __ZN15THREADSCHEDULER8SCHEDULEEv@4
                0x0010cba4                __ZN7GDIBASE14VISIBLE__set__El@8
                0x00101d74                _CONSOLEINIT@0
                0x0010f384                __ZN7TBUTTON11TEXT__set__EP7TSTRING@8
                0x00108334                __ZN16FAT_FS_RESSOURCE5WRITEEmPh@12
                0x00102744                _FCOS@8
                0x00106bf4                _KBD_HANDLER@4
                0x00101e34                _CONSOLEWRITETEXTANDHEX@12
                0x0010a0e4                __ZN15THREADSCHEDULER12REMOVETHREADEP6THREAD@8
                0x00111b84                __ZN10FILEHANDLE6CREATEEPh@8
                0x00101414                __ZN10VMMCONTEXT8MAP_PAGEEPvS0_m@16
                0x00107004                _MOUSE_WAIT@4
                0x0010e5c4                __ZN7TWINDOW12TITLE__get__Ev@4
                0x00101214                __ZN10VMMCONTEXT14FREE_PAGETABLEEPm@8
                0x0010b894                __ZN6GIMAGE12PUTOTHERPARTEPS_lllllll@36
                0x00106a94                _INIT_KBD@0
                0x00105244                __ZN11BLOCKDEVICEC1Ev
                0x00101df4                _CONSOLESETBACKGROUND@4
                0x0010cec4                __ZN7GDIBASE11HANDLEMOUSEElll@16
                0x001087f4                __ZN16FAT_FS_RESSOURCE17FIND_FREE_CLUSTEREv@4
                0x00104494                _SLABINIT@0
                0x0010ad04                __ZN6GIMAGE8SETPIXELEllm@16
                0x00105a64                _VFS_WRITE_FILE@12
                0x00106354                _DETECT_PARTITIONS@4
                0x00106b84                _KBD_GETCHAR@0
                0x00106ee4                _SET_MOUSE_LIMIT@8
                0x00108114                __ZN16FAT_FS_RESSOURCE15ABSOLUTE_SECTOREm@8
                0x00105844                _VFS_LOAD_FILE@8
                0x00106ae4                _KBD_INT_HANDLER@4
                0x0010cae4                __ZN7GDIBASE10TOP__set__El@8
                0x0010f334                _TBUTTONDESTROY@4
                0x00103d34                __ZN7TSTRING7SETTEXTEPh@8
                0x0010eeb4                __ZN9TEXTBLOCK11TEXT__get__Ev@4
                0x00101084                _VMM_EXIT@0
                0x001017c4                _GET_RTC_REGISTER@4
                0x0010bf84                __ZN6GIMAGE8DRAWCHAREhlllP8FONTDATAl@28
                0x00103a44                _ATOLHEX@4
                0x00109ee4                __ZN11THREADQUEUE7ENQUEUEEP6THREAD@8
                0x0010d504                _SCREENDRAWFRONT@4
                0x00101e14                _CONSOLEWRITELINE@4
                0x00104f74                _DEFAULTIRQHANDLER@4
                0x00106944                _HD_READ@16
                0x0010d544                _UILOOP@4
                0x00110414                _XAPPIRQRECEIVED@4
                0x001048b4                _PAGEFREE@4
                0x00109a54                __ZN6THREADD1Ev
                0x001073d4                _VESAPROBE@0
                0x00107334                _VESAGETMODEINFO@4
                0x00103b24                _ABSOLUTE@4
                0x001098e4                __ZN7PROCESS9TERMINATEEPS_Pv@8
                0x00103f14                __ZN7TSTRING7TOLOWEREv@4
                0x0010ab94                __ZN6GIMAGE13HEIGHT__set__Em@8
                0x001007e4                _DOREALMODEACTION@4
                0x00106b74                _KBD_FLUSH@0
                0x00101594                __ZN10VMMCONTEXT10UNMAP_PAGEEPv@8
                0x00100514                _MAIN@4
                0x0010cc34                __ZN7GDIBASE13CONVERT32TO24EPvS0_m@16
                0x00103534                _STRCPY@8
                0x0010fec4                _TCONSOLEDESTROY@4
                0x00100ef4                _VMM_INIT@0
                0x00108154                __ZN16FAT_FS_RESSOURCE9READ_ROOTEP9FAT_ENTRY@8
                0x0010c584                _GDIBASE_HANDLEMOUSE@16
                0x00101124                _VMM_KERNEL_UNMAP@8
                0x00102bf4                _STRCMP@8
                0x0010f3b4                __ZN7TBUTTON11TEXT__get__Ev@4
                0x0010e8c4                __ZN7TEXTBOXC1Ev
                0x001023b4                _CONSOLEUPDATECURSOR@0
                0x0010eca4                __ZN7TEXTBOX13DRAWTEXTVALUEEv@4
                0x00104374                _PMM_FREE@4
                0x0010c814                __ZN7GDIBASE22UPDATEABSOLUTEPOSITIONEv@4
                0x00103884                _ATOIHEX@4
                0x001051a4                __ZN6DEVICEC1Ev
                0x0010edc4                __ZN7TEXTBOX11TEXT__set__EPh@8
                0x0010f524                _TBUTTON_MOUSEEXIT@4
                0x0010eae4                __ZN7TEXTBOX16TEXTALIGN__get__Ev@4
                0x0010f074                _TEXTBOX_KEYPRESS@8
                0x001099f4                _INT20HANDLER@4
                0x0010fd24                _MESSAGEBOX_YESCLICKED@4
                0x001006f4                _KERNEL_ERROR@8
                0x001101c4                _XAPPBUTTONCLICK@4
                0x00105b84                _VFS_CREATE_DIR@4
                0x0010e354                __ZN7TWINDOWD1Ev
                0x001064e4                _HD_READ_SECTOR@16
                0x00107544                _VESASETMODE@4
                0x00105564                _VFS_ADD_FS_DESCRIPTOR@4
                0x00105624                _VFS_MOUNT@12
                0x00107b34                __ZN16FAT_FS_RESSOURCE10FIND_ENTRYEPamPmS1_S1_h@28
                0x00104424                _GETSMALLESTPOWEROFTWOO@4
                0x001052c4                _DEVMGR_INIT@0
                0x001015b4                __ZN10VMMCONTEXT11UNMAP_RANGEEPvm@12
                0x0010ef74                _TEXTBOX_HANDLEMOUSE@16
                0x00104bf4                _INT_HANDLER@4
                0x00103634                _MEMSET32@12
                0x001035b4                _MEMCPY16@12
                0x00101374                __ZN10VMMCONTEXT7AUTOMAPEPvmmmm@24
                0x00105104                _IRQ_SET_THREAD_HANDLER@12
                0x00103c84                __ZN7TSTRINGD1Ev
                0x00100d74                _LDT_SET_GATE@20
                0x00100684                _GUILOOP@4
                0x00101154                __ZN10VMMCONTEXT13GET_PAGETABLEEm@8
                0x00109eb4                __ZN11THREADQUEUEC1Ev
                0x0010c7a4                _GDIBASESIZECHANGED@4
                0x0010a744                __ZN6GIMAGEC1Ev
                0x00108884                __ZN16FAT_FS_RESSOURCE9COUNT_REPEP9FAT_ENTRY@8
                0x00104814                __ZN4SLAB4FREEEPv@8
                0x00105034                _IRQ_DISABLE@4
                0x00101244                __ZN10VMMCONTEXT15FIND_FREE_PAGESEmmm@16
                0x00109654                __ZN7PROCESS10INITENGINEEv@0
                0x00104ac4                _INTERRUPTSMANAGER_INIT@0
                0x0010ab64                __ZN6GIMAGE13HEIGHT__get__Ev@4
                0x00100d44                _GDT_SET_GATE@20
                0x001052e4                _DEVMGR_FIND@4
                0x00104924                __ZN9IRQ_STACK4DUMPEv@4
                0x0010e594                __ZN7TWINDOW12TITLE__set__EP7TSTRING@8
                0x001050e4                _IRQ_SEND_ACK@4
                0x0010d4d4                _SCREENDRAWBACK@4
                0x0010b104                __ZN6GIMAGE18FILLRECTANGLEALPHAEllllm@24
                0x00105404                _DEVMGR_CREATE_IO_DEVICE@4
                0x00102d14                _STRTOUPPER@4
                0x0010dba4                __ZN4SKIND1Ev
                0x0010eee4                __ZN9TEXTBLOCK16FORECOLOR__get__Ev@4
                0x001050c4                _IRQ_DETACH_HANDLER@4
                0x00103654                _ATOI@4
                0x00109e84                __ZN6THREAD6DOWAITEP9IRQ_STACK@8
                0x001054a4                _DEVMGR_CREATE_BLOCK_DEVICE@4
                0x0010d9f4                _COMPUTECOLOR@8
                0x001054f4                _VFS_INIT@0
                0x0010f9d4                _MESSAGEBOXDESTROY@4
                0x0010f5a4                _TBUTTON_DRAW@4
                0x0010f904                __ZN6DIALOGD1Ev
                0x00101fe4                _CONSOLEPRINTOK@0
                0x0010cb74                __ZN7GDIBASE14VISIBLE__get__Ev@4
                0x0010a054                __ZN15THREADSCHEDULERC1Ev
                0x0010abc4                __ZN6GIMAGE7SETSIZEEmm@12
                0x00101524                __ZN10VMMCONTEXT9MAP_RANGEEPvS0_S0_m@20
                0x00103e44                __ZN7TSTRING10APPENDCHAREh@8
                0x0010e414                _TWINDOWCLOSEBTNREDRAW@4
                0x0010c564                _GDIBASEDESTROY@4
                0x0010f134                __ZN7TBUTTONC1Ev
                0x00100754                _REALMODE_INIT@0
                0x00103094                _FTOA@12
                0x001010c4                _VMM_GET_CURRENT_CONTEXT@0
                0x0010c9d4                __ZN7GDIBASE12CHILDREMOVEDEv@4
                0x001098b4                __ZN7PROCESS9ADDTHREADEPv@8
                0x001044f4                __ZN12SLABMETADATA6KALLOCEm@8
                0x0010c7c4                __ZN7GDIBASE10INVALIDATEEv@4
                0x00105e44                __ZN9VFS_ENTRY11DELETE_FILEEPh@8
                0x00107654                _FAT_INIT@0
                0x00107074                _MOUSE_WRITE@4
                0x001119a4                __ZN9SEMAPHORE9SEMUNLOCKEP6THREAD@8
                0x0010ca84                __ZN7GDIBASE11LEFT__set__El@8
                0x0010d2e4                _SCREENINIT@0
                0x0010ad74                __ZN6GIMAGE8DRAWLINEEllllm@24
                0x0010e3c4                _TWINDOWSIZECHANGED@4
                0x0010d274                __ZN7GDIBASE17TAKEFOCUSINTERNALEv@4
                0x001076d4                _FAT_FORMAT@4
                0x00105154                __ZN18IRQ_THREAD_HANDLER7ENQUEUEEv@4
                0x0010ffb4                __ZN8TCONSOLE7PUTCHAREh@8
                0x0010fee4                _TCONSOLESIZECHANGED@4
                0x00101924                _GETTIMEBCD@0
                0x0010a214                __ZN15THREADSCHEDULER14SETTHREADREADYEP6THREADm@12
                0x00102dd4                _STRTOLOWER@4
                0x0010ab04                __ZN6GIMAGE12WIDTH__get__Ev@4
                0x001091b4                _FAT_LISTDIR@24
                0x0010c934                __ZN7GDIBASE11REMOVECHILDEPS_@8
                0x0010d1a4                __ZN7GDIBASE9TAKEFOCUSEv@4
                0x00104674                __ZN4SLAB4INITEt@8
                0x001032a4                _DOUBLETOSTR@8
                0x00111ef4                __ZN10FILEHANDLE5WRITEEmPh@12
                0x0010a974                __ZN6GIMAGE14LOADFROMBITMAPEPh@4
                0x00106714                _HD_WRITE_SECTOR@16
                0x00101e64                _CONSOLEWRITETEXTANDDEC@12
                0x00102e94                _SUBSTRING@12
                0x00109754                __ZN7PROCESS4LOADEPhPv@8
                0x00106004                __ZN9VFS_ENTRY8LIST_DIREPhmP17VFSDIRECTORYENTRYmm@24
                0x00101dd4                _CONSOLESETFOREGROUND@4
                0x00103614                _MEMSET16@12
                0x0010ff44                __ZN8TCONSOLE9WRITELINEEPh@8
                0x00109f64                __ZN11THREADQUEUE7DEQUEUEEv@4
                0x00100ea4                __ZN10VMMCONTEXT4SYNCEv@4
                0x001021d4                _CONSOLEPRINTFAIL@0
                0x00103c04                __ZN7TSTRINGC1Ev
                0x001090f4                _FAT2STR@8
                0x00106e54                _INIT_MOUSE@0
                0x00109584                _FATFS_WRITESECTORS@16
                0x00103b94                __ZN7TOBJECTD1Ev
                0x00102f64                _STRENDSWITH@8
                0x00102c84                _STRREV@4
                0x00104764                __ZN4SLAB5ALLOCEm@8
                0x00104154                _PMM_INIT@4
                0x00101804                _GETDATEBCD@0
                0x00103424                _INTTOSTR@8
                0x00100a84                _GDT_FIND_FREE@0
                0x0010fdb4                _MESSAGEBOX_NOCLICKED@4
                0x0010d3d4                _LOADMOUSECURSOR@0
                0x00106eb4                _MOUSE_INT_HANDLER@4
                0x00107f14                _STR2FAT@8
                0x00111ba4                __ZN10FILEHANDLE4OPENEPh@8
                0x00104604                __ZN12SLABMETADATA5KFREEEPv@8
                0x001070a4                _MOUSE_READ@0
                0x001083c4                __ZN16FAT_FS_RESSOURCE13FIND_FATENTRYEm@8
                0x001070d4                _MOUSE_DATA_ARIVED@4
                0x00102684                _CONSOLESCROLL@0
                0x00104904                _KFREE@4
                0x00109f24                __ZN11THREADQUEUE12ENQUEUERANGEEP6THREADS1_@12
                0x00103594                _MEMCPY@12
                0x0010ef54                _TEXTBOX_LOSTFOCUS@4
                0x001024a4                _CONSOLEWRITENUMBER@8
                0x001118e4                __ZN9SEMAPHORE7SEMLOCKEP6THREAD@8
                0x0010ff64                __ZN8TCONSOLE5WRITEEPh@8
                0x00106f54                _MOUSE_INSTALL@0
                0x00111aa4                __ZN10FILEHANDLED1Ev
                0x001053b4                _DEVMGR_CREATE_DEVICE@4
                0x00111dd4                __ZN10FILEHANDLE8READLINEEPh@8
                0x00105454                _DEVMGR_CREATE_CHAR_DEVICE@4
                0x0010a134                __ZN15THREADSCHEDULER6SWITCHEP9IRQ_STACKP6THREAD@12
                0x0010f804                __ZN6DIALOGC1Ev
                0x0010a844                _GIMAGEDESTROY@4
                0x0010ce24                __ZN7GDIBASE10SYNCSCREENEv@4
                0x00102604                _CONSOLENEWLINE@0
                0x0010bae4                __ZN6GIMAGE17DRAWTEXTMULTILINEEPhlllP8FONTDATAll19HORIZONTALALIGNMENT@36
                0x00103bb4                _TOBJECTDESTROY@4
                0x00101f14                _CONSOLEPUTCHAR@4
                0x0010ee84                __ZN9TEXTBLOCK11TEXT__set__EP7TSTRING@8
                0x00103964                _ATOL@4
                0x00109fc4                __ZN11THREADQUEUE6REMOVEEP6THREAD@8
                0x00109cb4                __ZN6THREAD6CREATEEP7PROCESSPFvPvEm@12
                0x0010a7e4                __ZN6GIMAGED1Ev
                0x0010ef34                _TEXTBOX_GOTFOCUS@4
                0x0010a6e4                __ZN12TFONTMANAGER4INITEv@4
                0x0010ef14                __ZN9TEXTBLOCK16FORECOLOR__set__Em@8
                0x001061b4                _HD_DETECT@4
                0x00102414                _CONSOLEBACKSPACE@0
                0x0010c6a4                _GDIBASE_MOUSEEXIT@4
                0x0010f974                __ZN10MESSAGEBOXD1Ev
                0x0010d204                __ZN7GDIBASE17LOSTFOCUSINTERNALEv@4
                0x0010ee24                __ZN7TEXTBOX11TEXT__get__Ev@4
                0x0010eab4                __ZN9TEXTBLOCKD1Ev
                0x0010a2b4                __ZN15THREADSCHEDULER16INCREASEPRIORITYEm@8
                0x0010dbd4                _SKINDESTROY@4
                0x00111804                __ZN9SEMAPHOREC1Ev
                0x0010e184                __ZN7TWINDOWC1Ev
                0x0010a4e4                _NEXTRANDOMNUMBER@8
                0x0010f9f4                __ZN6DIALOG11CLOSEDIALOGEv@4
                0x00110344                _XAPPMOUSECLICK@12
                0x0010d6a4                _GENBACKGROUND@0
                0x00101e94                _CONSOLEWRITETEXTANDSIZE@12
                0x00105524                _VFS_SHOW_DESCRIPTORS@0
                0x00111cb4                __ZN10FILEHANDLE5LSEEKEl10SEEKORIGIN@12
                0x0010eb64                _TEXTBLOCK_ONDESTROY@4
                0x0010f9b4                _DIALOGDESTROY@4
                0x001072c4                _VESAGETINFO@0
                0x00103ef4                __ZN7TSTRING4TRIMEv@4
                0x0010c0c4                __ZN7GDIBASEC1Ev
                0x001035d4                _MEMCPY32@12
                0x0010cbd4                __ZN7GDIBASE12BINDTOSCREENEmmmm@20
                0x00109e44                __ZN6THREAD9ADDTOLISTEv@4
                0x0010ea04                __ZN9TEXTBLOCKC1Ev
                0x00103f84                __ZN7TSTRING7COMPAREEPh@8
                0x001040b4                __ZN7TSTRING5ASINTEv@4
                0x0010e474                _TWINDOWCLOSEBTNCLICK@4
                0x00100ba4                _GDT_INIT@0
                0x0010f294                __ZN7TBUTTOND1Ev
                0x00101604                __ZN10VMMCONTEXT7RESOLVEEPv@8
                0x00104884                _PAGEALLOC@4
                0x00107634                _VESARESETSCREEN@0
                0x00100fd4                _VMM_INIT_LOCAL@0
                0x0010ebe4                _TEXTBOX_REDRAW@4
                0x00103b54                __ZN7TOBJECTC1Ev
                0x00105214                __ZN10CHARDEVICEC1Ev
                0x00101cf4                _PIC_IS_SPURIOUS@4
                0x0010cab4                __ZN7GDIBASE10TOP__get__Ev@4
                0x00101764                _MASK_IRQ@0
                0x0010dcb4                __ZN4SKIN6DRAWONEP6GIMAGEmllllml@36
                0x0010c754                __ZN7GDIBASE15DESTROYCHILDRENEv@4
                0x00103fb4                __ZN7TSTRING7INDEXOFEPh@8
                0x00101744                _UNMASK_IRQ@0
                0x0010c8a4                __ZN7GDIBASE8ADDCHILDEPS_@8
                0x0010cb14                __ZN7GDIBASE11SETPOSITIONEll@12
                0x00104b94                _SET_IDT@12
                0x00105584                _VFS_FORMAT@8
                0x0010ca54                __ZN7GDIBASE11LEFT__get__Ev@4
                0x00111d34                __ZN10FILEHANDLE4READEmPh@12
                0x001076e4                _FAT_SELECT@8
                0x00101034                __ZN10VMMCONTEXT8ACTIVATEEv@4
                0x0010fde4                __ZN8TCONSOLEC1Ev
                0x0010eb44                _TEXTBOX_ONDESTROY@4
                0x00106b44                _KBD_PUTCHAR@4
                0x00102504                _CONSOLEWRITE@4
                0x00104074                __ZN7TSTRING12ENDSWITHCHAREh@8
                0x00100984                _INIT_KTSS@0
                0x00105c94                _VFS_LIST_DIR@20
                0x0010ee54                __ZN9TEXTBLOCK11TEXT__set__EPh@8
                0x001100c4                __ZN8TCONSOLE12CLEARCONSOLEEv@4
                0x001016a4                _SET_TIMER_FREQ@0
                0x00106984                _HD_WRITE@16
                0x00105164                __ZN18IRQ_THREAD_HANDLER7DEQUEUEEv@4
                0x0010bdd4                __ZN6GIMAGE8DRAWTEXTEPhlllP8FONTDATAl@28
                0x00101a04                _READ_RTC@0
                0x0010ac24                __ZN6GIMAGE12CREATEBUFFEREv@4
                0x001029b4                _STRCONTAINS@8

.rodata
 *(.rodata)

.data           0x00113000      0xce0
 *(.data)
 .data          0x00113000      0xce0 obj/main.o

.ctors          0x00113ce0        0x8
 .ctors         0x00113ce0        0x8 obj/main.o

.dtors          0x00113ce8        0x4
 .dtors         0x00113ce8        0x4 obj/main.o

.bss            0x00113cec   0x502e70
                0x00113cec                SBSS = .
 *(COMMON)
 *(.bss)
 .bss           0x00113cec   0x100000 obj/start.o
 .bss           0x00213cec   0x402e70 obj/main.o
                0x00616b5c                EBSS = .
                0x00616b5c                _KERNEL_END = .
OUTPUT(bin/kernel.elf elf32-i386)

.rel.dyn        0x00616b5c        0x0
 .rel.text      0x00000000        0x0 obj/Interrupts.o
