
Memory Configuration

Name             Origin             Length             Attributes
*default*        0x00000000         0xffffffff

Linker script and memory map

LOAD obj/Interrupts.o
LOAD obj/start.o
LOAD obj/main.o
                0x00100000                . = 0x100000

.text           0x00100000    0x13024
                0x00100000                _KERNEL_START = .
 *(.text)
 .text          0x00100000      0x4f4 obj/Interrupts.o
                0x001003f0                _INTERRUPT_TAB@0
 .text          0x001004f4       0x20 obj/start.o
                0x00100510                system_halt
                0x001004f8                Mboot
 .text          0x00100514    0x12b10 obj/main.o
                0x0010a524                __ZN15THREADSCHEDULER17SETTHREADREALTIMEEP6THREADm@12
                0x0010aeb4                __ZN6GIMAGE12WIDTH__set__Em@8
                0x00106174                _HD_INIT@0
                0x00108ad4                _FAT_WRITEFILE@16
                0x00106054                __ZN9VFS_ENTRY10CREATE_DIREPh@8
                0x00107ec4                __ZN16FAT_FS_RESSOURCE4FINDEPhhP9FAT_ENTRY@16
                0x0010ff64                __ZN10MESSAGEBOXC1Ev
                0x00106584                _HD_WAIT@4
                0x00101814                _GET_RTC_UPDATE_IN_PROGRESS_FLAG@0
                0x0010e9e4                _TWINDOWDESTROY@4
                0x001040a4                __ZN7TSTRING11LASTINDEXOFEPh@8
                0x0010a9b4                _LOADFONT@4
                0x00105fb4                __ZN9VFS_ENTRY10WRITE_FILEEPhmS0_@16
                0x00111c24                _XAPPKEYPRESS@8
                0x00101784                _PIC_INIT@0
                0x00108794                __ZN16FAT_FS_RESSOURCE12FREE_CLUSTEREm@8
                0x00109094                _FAT_LOADFILE@12
                0x0010a224                __ZN11THREADQUEUE10RTCDEQUEUEEv@4
                0x0010ec34                _TWINDOWHANDLEMOUSE@16
                0x00103da4                _TSTRINGDESTROY@4
                0x001104e4                __ZN8TCONSOLED1Ev
                0x001106c4                __ZN8TCONSOLE7NEWLINEEv@4
                0x00103dc4                __ZN7TSTRING6CREATEEv@0
                0x00102b74                _STRLASTINDEXOF@8
                0x0010b034                __ZN6GIMAGE5CLEAREm@8
                0x00110734                __ZN8TCONSOLE6SCROLLEv@4
                0x0010f1c4                _TEXTBLOCK_REDRAW@4
                0x0010c994                __ZN7GDIBASED1Ev
                0x001028e4                _STRTRIM@4
                0x0010a5d4                __ZN15THREADSCHEDULER13RESETPRIORITYEP6THREAD@8
                0x001050a4                _IRQ_ENABLE@4
                0x0010cef4                __ZN7GDIBASE12BRINGTOFRONTEv@4
                0x0010f014                __ZN7TEXTBOXD1Ev
                0x001040d4                __ZN7TSTRING12CONTAINSCHAREh@8
                0x00104994                _KALLOC@4
                0x0010f434                __ZN7TEXTBOX11TEXT__set__EP7TSTRING@8
                0x00103084                _STRCAT@8
                0x0010f154                __ZN7TEXTBOX16TEXTALIGN__set__Em@8
                0x0010b994                __ZN6GIMAGE11PUTOTHERRAWEPmllll@24
                0x001026c4                _CONSOLECLEAR@0
                0x00108824                __ZN16FAT_FS_RESSOURCE13ALLOC_CLUSTEREm@8
                0x00105074                _IRQ_WAIT@4
                0x00100f94                _VMM_KERNEL_AUTOMAP@12
                0x001097e4                __ZN7PROCESSD1Ev
                0x0010f994                __ZN7TBUTTON11TEXT__set__EPh@8
                0x00103c94                _DESTROYOBJ@4
                0x00109c24                _KERNEL_IDLE@4
                0x00105854                _VFS_GET_FILE_SYSTEM_BY_NAME@4
                0x00109b54                __ZN6THREAD11INITMANAGEREv@0
                0x0010d7a4                __ZN7GDIBASE9FOCUSNEXTEv@4
                0x001028a4                _STRLEN@4
                0x0010da34                _SCREENLOOP@0
                0x001096d4                _FATFS_READSECTORS@16
                0x001122a4                __ZN10FILEHANDLE5FLUSHEv@4
                0x00103f54                __ZN7TSTRING10APPENDTEXTEPh@8
                0x0010b414                __ZN6GIMAGE13DRAWRECTANGLEEllllm@24
                0x00107264                _MOUSE_SET_DATA@0
                0x001041b4                __ZN7TSTRING6ASUINTEv@4
                0x00112154                __ZN10FILEHANDLE12CREATEBUFFEREm@8
                0x00103ff4                __ZN7TSTRING7TOUPPEREv@4
                0x001082b4                __ZN16FAT_FS_RESSOURCE10WRITE_ROOTEP9FAT_ENTRY@8
                0x0010abe4                __ZN6GIMAGE11LOADFROMRAWEPhmm@12
                0x0010eba4                __ZN7TWINDOW12TITLE__set__EPh@8
                0x00109bb4                __ZN6THREAD5READYEv@0
                0x00109bd4                _PROCESS_TERMINATOR@4
                0x001052c4                __ZN8IODEVICEC1Ev
                0x0010e0f4                __ZN4SKIN6CREATEEPhmllll@24
                0x001085b4                __ZN16FAT_FS_RESSOURCE11SET_CLUSTEREmm@12
                0x0010d294                __ZN7GDIBASE6REDRAWEv@4
                0x00110304                _MESSAGEBOX_REDRAW@4
                0x00102c44                _STRNCMP@12
                0x0010bb64                __ZN6GIMAGE8PUTOTHEREPS_lll@20
                0x0010fa24                _TBUTTON_HANDLEMOUSE@16
                0x00110054                __ZN10MESSAGEBOX4SHOWEPhS0_12DIALOGBUTTONPv@16
                0x00104014                __ZN7TSTRING6SUBSTREml@12
                0x001036b4                _MEMSET@12
                0x00105e94                __ZN9VFS_ENTRY9LOAD_FILEEPhPm@12
                0x00105a34                _VFS_DELETE_FILE@4
                0x00103e64                __ZN7TSTRING12RESIZEBUFFEREm@8
                0x0010ee74                _TWINDOWMOUSEEXIT@4
                0x00106aa4                _LOADKEYS@0
                0x00100d14                _GDT_CREATE_SEG@16
                0x00110b94                _SYSCALL32HANDLER@4
                0x00104304                _PMM_STRIPE@8
                0x00112054                __ZN10FILEHANDLEC1Ev
                0x0010b7e4                __ZN6GIMAGE13FILLRECTANGLEEllllm@24
                0x00100b74                _GDT_DELETE@4
                0x00102794                _SQRT@8
                0x00104354                _PMM_ALLOCPAGE@4
                0x00102554                _CONSOLEWRITESIGNED@4
                0x00102854                _FSIN@8
                0x0010b484                __ZN6GIMAGE22FILLRECTANGLEALPHAHALFEllllm@24
                0x00111ec4                __ZN9SEMAPHORED1Ev
                0x00105184                _IRQ_ATTACH_HANDLER@8
                0x00100624                _ENTERGRAPHICMODE@4
                0x00103844                _ATOF@4
                0x001041f4                _PMM_GET_FREEPAGES_COUNT@0
                0x00109924                __ZN7PROCESS4SBRKEm@8
                0x0010d194                __ZN7GDIBASE14REDRAWCHILDRENEv@4
                0x00100934                _DOREALMODEACTIONREG@32
                0x00109d74                __ZN6THREAD9CREATESYSEPFvPvEm@8
                0x0010e004                __ZN4SKINC1Ev
                0x001120f4                __ZN10FILEHANDLE12DELETEBUFFEREv@4
                0x0010eb04                _TWINDOWREDRAW@4
                0x00108334                __ZN16FAT_FS_RESSOURCE4READEmPh@12
                0x001010c4                __ZN10VMMCONTEXT10INITIALIZEEv@4
                0x00109754                __ZN7PROCESSC1Ev
                0x00102a94                _STRINDEXOF@8
                0x0010a6d4                __ZN15THREADSCHEDULER8SCHEDULEEv@4
                0x0010e1b4                __ZN4SKIN10APPLYCOLOREmm@12
                0x0010d094                __ZN7GDIBASE14VISIBLE__set__El@8
                0x00101e04                _CONSOLEINIT@0
                0x0010f9c4                __ZN7TBUTTON11TEXT__set__EP7TSTRING@8
                0x00108414                __ZN16FAT_FS_RESSOURCE5WRITEEmPh@12
                0x00102804                _FCOS@8
                0x00106cd4                _KBD_HANDLER@4
                0x00101ec4                _CONSOLEWRITETEXTANDHEX@12
                0x0010a3e4                __ZN15THREADSCHEDULER12REMOVETHREADEP6THREAD@8
                0x001121c4                __ZN10FILEHANDLE6CREATEEPh@8
                0x001014a4                __ZN10VMMCONTEXT8MAP_PAGEEPvS0_m@16
                0x001070e4                _MOUSE_WAIT@4
                0x0010ec04                __ZN7TWINDOW12TITLE__get__Ev@4
                0x001012a4                __ZN10VMMCONTEXT14FREE_PAGETABLEEPm@8
                0x0010bd84                __ZN6GIMAGE12PUTOTHERPARTEPS_lllllll@36
                0x00106b74                _INIT_KBD@0
                0x00110804                _SYSCALL30HANDLER@4
                0x00105324                __ZN11BLOCKDEVICEC1Ev
                0x00101e84                _CONSOLESETBACKGROUND@4
                0x0010d3b4                __ZN7GDIBASE11HANDLEMOUSEElll@16
                0x001088d4                __ZN16FAT_FS_RESSOURCE17FIND_FREE_CLUSTEREv@4
                0x00104554                _SLABINIT@0
                0x0010b084                __ZN6GIMAGE8SETPIXELEllm@16
                0x00105b44                _VFS_WRITE_FILE@12
                0x00106434                _DETECT_PARTITIONS@4
                0x00106c64                _KBD_GETCHAR@0
                0x00106fc4                _SET_MOUSE_LIMIT@8
                0x001081f4                __ZN16FAT_FS_RESSOURCE15ABSOLUTE_SECTOREm@8
                0x00105924                _VFS_LOAD_FILE@8
                0x00106bc4                _KBD_INT_HANDLER@4
                0x00109b04                _ENTERCRITICAL@0
                0x0010cfd4                __ZN7GDIBASE10TOP__set__El@8
                0x0010f974                _TBUTTONDESTROY@4
                0x00103df4                __ZN7TSTRING7SETTEXTEPh@8
                0x0010f4f4                __ZN9TEXTBLOCK11TEXT__get__Ev@4
                0x00100f34                _VMM_EXIT@0
                0x00101854                _GET_RTC_REGISTER@4
                0x0010c474                __ZN6GIMAGE8DRAWCHAREhlllP8FONTDATAl@28
                0x00103b04                _ATOLHEX@4
                0x0010a144                __ZN11THREADQUEUE7ENQUEUEEP6THREAD@8
                0x0010da04                _SCREENDRAWFRONT@4
                0x00101ea4                _CONSOLEWRITELINE@4
                0x00105054                _DEFAULTIRQHANDLER@4
                0x00106a24                _HD_READ@16
                0x0010da44                _UILOOP@4
                0x00111db4                _XAPPIRQRECEIVED@4
                0x00104974                _PAGEFREE@4
                0x00109ca4                __ZN6THREADD1Ev
                0x00109b44                _THREADSLEEP@0
                0x001074b4                _VESAPROBE@0
                0x00107414                _VESAGETMODEINFO@4
                0x00109a54                __ZN7PROCESS9TERMINATEEPS_Pv@8
                0x00103be4                _ABSOLUTE@4
                0x00103fd4                __ZN7TSTRING7TOLOWEREv@4
                0x0010af14                __ZN6GIMAGE13HEIGHT__set__Em@8
                0x00100804                _DOREALMODEACTION@4
                0x00106c54                _KBD_FLUSH@0
                0x00101624                __ZN10VMMCONTEXT10UNMAP_PAGEEPv@8
                0x00100514                _MAIN@4
                0x0010d124                __ZN7GDIBASE13CONVERT32TO24EPvS0_m@16
                0x001035f4                _STRCPY@8
                0x00110504                _TCONSOLEDESTROY@4
                0x00100e44                _VMM_INIT@0
                0x00108234                __ZN16FAT_FS_RESSOURCE9READ_ROOTEP9FAT_ENTRY@8
                0x0010ca74                _GDIBASE_HANDLEMOUSE@16
                0x00100fd4                _VMM_KERNEL_UNMAP@8
                0x00102cb4                _STRCMP@8
                0x0010f9f4                __ZN7TBUTTON11TEXT__get__Ev@4
                0x0010ef04                __ZN7TEXTBOXC1Ev
                0x00102444                _CONSOLEUPDATECURSOR@0
                0x0010f2e4                __ZN7TEXTBOX13DRAWTEXTVALUEEv@4
                0x0010cd04                __ZN7GDIBASE22UPDATEABSOLUTEPOSITIONEv@4
                0x00103944                _ATOIHEX@4
                0x00105284                __ZN6DEVICEC1Ev
                0x0010f404                __ZN7TEXTBOX11TEXT__set__EPh@8
                0x0010fb64                _TBUTTON_MOUSEEXIT@4
                0x0010f124                __ZN7TEXTBOX16TEXTALIGN__get__Ev@4
                0x0010f6b4                _TEXTBOX_KEYPRESS@8
                0x00109c44                _INT20HANDLER@4
                0x00110364                _MESSAGEBOX_YESCLICKED@4
                0x00100714                _KERNEL_ERROR@8
                0x00111b64                _XAPPBUTTONCLICK@4
                0x00105c64                _VFS_CREATE_DIR@4
                0x0010e994                __ZN7TWINDOWD1Ev
                0x001065c4                _HD_READ_SECTOR@16
                0x00107624                _VESASETMODE@4
                0x00105644                _VFS_ADD_FS_DESCRIPTOR@4
                0x00105704                _VFS_MOUNT@12
                0x00107c14                __ZN16FAT_FS_RESSOURCE10FIND_ENTRYEPamPmS1_S1_h@28
                0x001044e4                _GETSMALLESTPOWEROFTWOO@4
                0x001053a4                _DEVMGR_INIT@0
                0x00101644                __ZN10VMMCONTEXT11UNMAP_RANGEEPvm@12
                0x0010f5b4                _TEXTBOX_HANDLEMOUSE@16
                0x00104cb4                _INT_HANDLER@4
                0x001036f4                _MEMSET32@12
                0x00103674                _MEMCPY16@12
                0x00101404                __ZN10VMMCONTEXT7AUTOMAPEPvmmmm@24
                0x001051e4                _IRQ_SET_THREAD_HANDLER@12
                0x00103d44                __ZN7TSTRINGD1Ev
                0x00100d94                _LDT_SET_GATE@20
                0x001006f4                _GUILOOP@4
                0x001011e4                __ZN10VMMCONTEXT13GET_PAGETABLEEm@8
                0x0010a114                __ZN11THREADQUEUEC1Ev
                0x0010cc94                _GDIBASESIZECHANGED@4
                0x0010aac4                __ZN6GIMAGEC1Ev
                0x00108964                __ZN16FAT_FS_RESSOURCE9COUNT_REPEP9FAT_ENTRY@8
                0x001048d4                __ZN4SLAB4FREEEPv@8
                0x00105114                _IRQ_DISABLE@4
                0x001012d4                __ZN10VMMCONTEXT15FIND_FREE_PAGESEmmm@16
                0x00109734                __ZN7PROCESS10INITENGINEEv@0
                0x00104b84                _INTERRUPTSMANAGER_INIT@0
                0x0010aee4                __ZN6GIMAGE13HEIGHT__get__Ev@4
                0x00100d64                _GDT_SET_GATE@20
                0x001053c4                _DEVMGR_FIND@4
                0x001049e4                __ZN9IRQ_STACK4DUMPEv@4
                0x0010ebd4                __ZN7TWINDOW12TITLE__set__EP7TSTRING@8
                0x001051c4                _IRQ_SEND_ACK@4
                0x0010d9d4                _SCREENDRAWBACK@4
                0x0010b5f4                __ZN6GIMAGE18FILLRECTANGLEALPHAEllllm@24
                0x001054e4                _DEVMGR_CREATE_IO_DEVICE@4
                0x00102dd4                _STRTOUPPER@4
                0x0010e0a4                __ZN4SKIND1Ev
                0x0010f524                __ZN9TEXTBLOCK16FORECOLOR__get__Ev@4
                0x001051a4                _IRQ_DETACH_HANDLER@4
                0x00103714                _ATOI@4
                0x0010a0e4                __ZN6THREAD6DOWAITEP9IRQ_STACK@8
                0x00105584                _DEVMGR_CREATE_BLOCK_DEVICE@4
                0x0010def4                _COMPUTECOLOR@8
                0x001055d4                _VFS_INIT@0
                0x00110014                _MESSAGEBOXDESTROY@4
                0x0010fbe4                _TBUTTON_DRAW@4
                0x0010ff44                __ZN6DIALOGD1Ev
                0x00102074                _CONSOLEPRINTOK@0
                0x0010d064                __ZN7GDIBASE14VISIBLE__get__Ev@4
                0x0010a334                __ZN15THREADSCHEDULERC1Ev
                0x0010af44                __ZN6GIMAGE7SETSIZEEmm@12
                0x001015b4                __ZN10VMMCONTEXT9MAP_RANGEEPvS0_S0_m@20
                0x00103f04                __ZN7TSTRING10APPENDCHAREh@8
                0x0010ea54                _TWINDOWCLOSEBTNREDRAW@4
                0x0010ca54                _GDIBASEDESTROY@4
                0x00102764                _MIN@8
                0x0010f774                __ZN7TBUTTONC1Ev
                0x00100774                _REALMODE_INIT@0
                0x00103154                _FTOA@12
                0x00100f74                _VMM_GET_CURRENT_CONTEXT@0
                0x0010cec4                __ZN7GDIBASE12CHILDREMOVEDEv@4
                0x001099a4                __ZN7PROCESS9ADDTHREADEPv@8
                0x001045b4                __ZN12SLABMETADATA6KALLOCEm@8
                0x0010ccb4                __ZN7GDIBASE10INVALIDATEEv@4
                0x00105f24                __ZN9VFS_ENTRY11DELETE_FILEEPh@8
                0x00110ad4                _SYSCALL31HANDLER@4
                0x00107734                _FAT_INIT@0
                0x00107154                _MOUSE_WRITE@4
                0x00111fe4                __ZN9SEMAPHORE9SEMUNLOCKEP6THREAD@8
                0x0010cf74                __ZN7GDIBASE11LEFT__set__El@8
                0x0010d7e4                _SCREENINIT@0
                0x0010b0f4                __ZN6GIMAGE8DRAWLINEEllllm@24
                0x0010ea04                _TWINDOWSIZECHANGED@4
                0x0010d774                __ZN7GDIBASE17TAKEFOCUSINTERNALEv@4
                0x001077b4                _FAT_FORMAT@4
                0x00105234                __ZN18IRQ_THREAD_HANDLER7ENQUEUEEv@4
                0x001105f4                __ZN8TCONSOLE7PUTCHAREh@8
                0x00110524                _TCONSOLESIZECHANGED@4
                0x001019b4                _GETTIMEBCD@0
                0x0010a584                __ZN15THREADSCHEDULER14SETTHREADREADYEP6THREADm@12
                0x00102e94                _STRTOLOWER@4
                0x0010ae84                __ZN6GIMAGE12WIDTH__get__Ev@4
                0x00109294                _FAT_LISTDIR@24
                0x0010ce24                __ZN7GDIBASE11REMOVECHILDEPS_@8
                0x0010d6a4                __ZN7GDIBASE9TAKEFOCUSEv@4
                0x00104734                __ZN4SLAB4INITEt@8
                0x00103364                _DOUBLETOSTR@8
                0x00112534                __ZN10FILEHANDLE5WRITEEmPh@12
                0x0010acf4                __ZN6GIMAGE14LOADFROMBITMAPEPh@4
                0x001067f4                _HD_WRITE_SECTOR@16
                0x00101ef4                _CONSOLEWRITETEXTANDDEC@12
                0x00102f54                _SUBSTRING@12
                0x00109844                __ZN7PROCESS4LOADEPhPv@8
                0x001060e4                __ZN9VFS_ENTRY8LIST_DIREPhmP17VFSDIRECTORYENTRYmm@24
                0x00101e64                _CONSOLESETFOREGROUND@4
                0x001036d4                _MEMSET16@12
                0x00110584                __ZN8TCONSOLE9WRITELINEEPh@8
                0x0010a1c4                __ZN11THREADQUEUE7DEQUEUEEv@4
                0x00101144                __ZN10VMMCONTEXT4SYNCEv@4
                0x00102264                _CONSOLEPRINTFAIL@0
                0x00103cc4                __ZN7TSTRINGC1Ev
                0x001091d4                _FAT2STR@8
                0x00106f34                _INIT_MOUSE@0
                0x00109664                _FATFS_WRITESECTORS@16
                0x00103c54                __ZN7TOBJECTD1Ev
                0x00103024                _STRENDSWITH@8
                0x00102d44                _STRREV@4
                0x00111874                _SYSCALL33HANDLER@4
                0x00104824                __ZN4SLAB5ALLOCEm@8
                0x00104214                _PMM_INIT@4
                0x00101894                _GETDATEBCD@0
                0x001034e4                _INTTOSTR@8
                0x00100aa4                _GDT_FIND_FREE@0
                0x001103f4                _MESSAGEBOX_NOCLICKED@4
                0x0010d8d4                _LOADMOUSECURSOR@0
                0x00106f94                _MOUSE_INT_HANDLER@4
                0x00107ff4                _STR2FAT@8
                0x001121e4                __ZN10FILEHANDLE4OPENEPh@8
                0x001046c4                __ZN12SLABMETADATA5KFREEEPv@8
                0x00107184                _MOUSE_READ@0
                0x001084a4                __ZN16FAT_FS_RESSOURCE13FIND_FATENTRYEm@8
                0x001071b4                _MOUSE_DATA_ARIVED@4
                0x00102714                _CONSOLESCROLL@0
                0x001049c4                _KFREE@4
                0x0010a184                __ZN11THREADQUEUE12ENQUEUERANGEEP6THREADS1_@12
                0x00103654                _MEMCPY@12
                0x0010f594                _TEXTBOX_LOSTFOCUS@4
                0x00102534                _CONSOLEWRITENUMBER@8
                0x00109b14                _EXITCRITICAL@0
                0x00111f24                __ZN9SEMAPHORE7SEMLOCKEP6THREAD@8
                0x001105a4                __ZN8TCONSOLE5WRITEEPh@8
                0x00107034                _MOUSE_INSTALL@0
                0x001120e4                __ZN10FILEHANDLED1Ev
                0x00105494                _DEVMGR_CREATE_DEVICE@4
                0x00112414                __ZN10FILEHANDLE8READLINEEPh@8
                0x00105534                _DEVMGR_CREATE_CHAR_DEVICE@4
                0x0010a444                __ZN15THREADSCHEDULER6SWITCHEP9IRQ_STACKP6THREAD@12
                0x0010fe44                __ZN6DIALOGC1Ev
                0x0010abc4                _GIMAGEDESTROY@4
                0x0010d314                __ZN7GDIBASE10SYNCSCREENEv@4
                0x00102694                _CONSOLENEWLINE@0
                0x0010bfd4                __ZN6GIMAGE17DRAWTEXTMULTILINEEPhlllP8FONTDATAll19HORIZONTALALIGNMENT@36
                0x00103c74                _TOBJECTDESTROY@4
                0x00101fa4                _CONSOLEPUTCHAR@4
                0x0010f4c4                __ZN9TEXTBLOCK11TEXT__set__EP7TSTRING@8
                0x00103a24                _ATOL@4
                0x0010a294                __ZN11THREADQUEUE6REMOVEEP6THREAD@8
                0x00109f14                __ZN6THREAD6CREATEEP7PROCESSPFvPvEm@12
                0x0010ab64                __ZN6GIMAGED1Ev
                0x0010f574                _TEXTBOX_GOTFOCUS@4
                0x0010aa64                __ZN12TFONTMANAGER4INITEv@4
                0x0010f554                __ZN9TEXTBLOCK16FORECOLOR__set__Em@8
                0x00106294                _HD_DETECT@4
                0x001024a4                _CONSOLEBACKSPACE@0
                0x0010cb94                _GDIBASE_MOUSEEXIT@4
                0x001099d4                __ZN7PROCESS23REQUESTTERMINATEPROCESSEPS_@4
                0x0010ffb4                __ZN10MESSAGEBOXD1Ev
                0x0010d704                __ZN7GDIBASE17LOSTFOCUSINTERNALEv@4
                0x0010f464                __ZN7TEXTBOX11TEXT__get__Ev@4
                0x0010f0f4                __ZN9TEXTBLOCKD1Ev
                0x0010a624                __ZN15THREADSCHEDULER16INCREASEPRIORITYEm@8
                0x0010e0d4                _SKINDESTROY@4
                0x00111e44                __ZN9SEMAPHOREC1Ev
                0x0010e7c4                __ZN7TWINDOWC1Ev
                0x0010a864                _NEXTRANDOMNUMBER@8
                0x00110034                __ZN6DIALOG11CLOSEDIALOGEv@4
                0x00111ce4                _XAPPMOUSECLICK@12
                0x0010dba4                _GENBACKGROUND@0
                0x00101f24                _CONSOLEWRITETEXTANDSIZE@12
                0x00105604                _VFS_SHOW_DESCRIPTORS@0
                0x001122f4                __ZN10FILEHANDLE5LSEEKEl10SEEKORIGIN@12
                0x0010f1a4                _TEXTBLOCK_ONDESTROY@4
                0x0010fff4                _DIALOGDESTROY@4
                0x001073a4                _VESAGETINFO@0
                0x00103fb4                __ZN7TSTRING4TRIMEv@4
                0x0010c5b4                __ZN7GDIBASEC1Ev
                0x00104434                _PMM_FREEPAGE@4
                0x00103694                _MEMCPY32@12
                0x0010d0c4                __ZN7GDIBASE12BINDTOSCREENEmmmm@20
                0x0010a0a4                __ZN6THREAD9ADDTOLISTEv@4
                0x0010f044                __ZN9TEXTBLOCKC1Ev
                0x00104044                __ZN7TSTRING7COMPAREEPh@8
                0x00104174                __ZN7TSTRING5ASINTEv@4
                0x0010eab4                _TWINDOWCLOSEBTNCLICK@4
                0x00100bc4                _GDT_INIT@0
                0x0010f8d4                __ZN7TBUTTOND1Ev
                0x00101694                __ZN10VMMCONTEXT7RESOLVEEPv@8
                0x00104944                _PAGEALLOC@4
                0x00107714                _VESARESETSCREEN@0
                0x00101004                _VMM_INIT_LOCAL@0
                0x0010f224                _TEXTBOX_REDRAW@4
                0x00103c14                __ZN7TOBJECTC1Ev
                0x001052f4                __ZN10CHARDEVICEC1Ev
                0x00101d84                _PIC_IS_SPURIOUS@4
                0x0010cfa4                __ZN7GDIBASE10TOP__get__Ev@4
                0x001017f4                _MASK_IRQ@0
                0x0010e2f4                __ZN4SKIN6DRAWONEP6GIMAGEmllllml@36
                0x0010cc44                __ZN7GDIBASE15DESTROYCHILDRENEv@4
                0x00104074                __ZN7TSTRING7INDEXOFEPh@8
                0x001017d4                _UNMASK_IRQ@0
                0x0010cd94                __ZN7GDIBASE8ADDCHILDEPS_@8
                0x0010d004                __ZN7GDIBASE11SETPOSITIONEll@12
                0x00104c54                _SET_IDT@12
                0x00105664                _VFS_FORMAT@8
                0x0010cf44                __ZN7GDIBASE11LEFT__get__Ev@4
                0x00112374                __ZN10FILEHANDLE4READEmPh@12
                0x001077c4                _FAT_SELECT@8
                0x00101194                __ZN10VMMCONTEXT8ACTIVATEEv@4
                0x00110424                __ZN8TCONSOLEC1Ev
                0x0010f184                _TEXTBOX_ONDESTROY@4
                0x00106c24                _KBD_PUTCHAR@4
                0x00102594                _CONSOLEWRITE@4
                0x00104134                __ZN7TSTRING12ENDSWITHCHAREh@8
                0x00101064                __ZN10VMMCONTEXTD1Ev
                0x001009a4                _INIT_KTSS@0
                0x00105d74                _VFS_LIST_DIR@20
                0x0010f494                __ZN9TEXTBLOCK11TEXT__set__EPh@8
                0x00110704                __ZN8TCONSOLE12CLEARCONSOLEEv@4
                0x00101734                _SET_TIMER_FREQ@0
                0x00106a64                _HD_WRITE@16
                0x00105244                __ZN18IRQ_THREAD_HANDLER7DEQUEUEEv@4
                0x0010c2c4                __ZN6GIMAGE8DRAWTEXTEPhlllP8FONTDATAl@28
                0x00101a94                _READ_RTC@0
                0x0010afa4                __ZN6GIMAGE12CREATEBUFFEREv@4
                0x00102a74                _STRCONTAINS@8

.rodata
 *(.rodata)

.data           0x00114000      0xce0
 *(.data)
 .data          0x00114000      0xce0 obj/main.o

.ctors          0x00114ce0        0x8
 .ctors         0x00114ce0        0x8 obj/main.o

.dtors          0x00114ce8        0x4
 .dtors         0x00114ce8        0x4 obj/main.o

.bss            0x00114cec   0x502e80
                0x00114cec                SBSS = .
 *(COMMON)
 *(.bss)
 .bss           0x00114cec   0x100000 obj/start.o
 .bss           0x00214cec   0x402e80 obj/main.o
                0x00617b6c                EBSS = .
                0x00617b6c                _KERNEL_END = .
OUTPUT(bin/kernel.elf elf32-i386)

.rel.dyn        0x00617b6c        0x0
 .rel.text      0x00000000        0x0 obj/Interrupts.o
